******************************************************************************
               TMS320C6x Linker PC v7.4.18                     
******************************************************************************
>> Linked Thu Nov 07 08:46:29 2019

OUTPUT FILE NAME:   <TP2_FIR_Algo1.out>
ENTRY POINT SYMBOL: "_c_int00"  address: 00001fc0


MEMORY CONFIGURATION

         name            origin    length      used     unused   attr    fill
----------------------  --------  ---------  --------  --------  ----  --------
  IVECS                 00000000   00000220  00000200  00000020  RWIX
  IRAM                  00000220   0002bde0  000028e2  000294fe  RWIX
  DATA_C                0002c000   00004000  00000000  00004000  RWIX
  SDRAM                 80000000   00100000  00000000  00100000  RWIX
  FLASH                 90000000   00020000  00000000  00020000  RWIX


SECTION ALLOCATION MAP

 output                                  attributes/
section   page    origin      length       input sections
--------  ----  ----------  ----------   ----------------
.vecs      0    00000000    00000200     
                  00000000    00000200     Vectors_intr.obj (.vecs)

.bss       0    00000220    00000000     UNINITIALIZED

.text      0    00000220    00001ee0     
                  00000220    000005c0     c6713dskinit.obj (.text)
                  000007e0    00000480     dsk6713bsl.lib : dsk6713.obj (.text)
                  00000c60    00000320                    : dsk6713_aic23_opencodec.obj (.text)
                  00000f80    00000240     rts6700.lib : memcpy62.obj (.text:_memcpy)
                  000011c0    000001e0     main.obj (.text:retain)
                  000013a0    000001c0     csl6713.lib : csl_irq.obj (.text:_IRQ_map)
                  00001560    000001a0                 : csl_mcbsp.obj (.text:_MCBSP_reset)
                  00001700    00000160     dsk6713bsl.lib : dsk6713_aic23_registers.obj (.text)
                  00001860    00000100     csl6713.lib : csl_mcbsp.obj (.text:_MCBSP_open)
                  00001960    00000100                 : csl_mcbsp.obj (.text:_MCBSP_start)
                  00001a60    00000100     rts6700.lib : autoinit.obj (.text:__auto_init)
                  00001b60    000000e0                 : strasg.obj (.text:__strasg)
                  00001c40    000000e0                 : exit.obj (.text:_exit)
                  00001d20    000000c0                 : cpy_tbl.obj (.text:_copy_in)
                  00001de0    000000c0     dsk6713bsl.lib : dsk6713_aic23_setfreq.obj (.text)
                  00001ea0    000000a0     csl6713.lib : csl_irq.obj (.text:_setMux)
                  00001f40    00000080     rts6700.lib : cpp_init.obj (.text:___TI_cpp_init)
                  00001fc0    00000080                 : boot.obj (.text:_c_int00)
                  00002040    00000040                 : args_main.obj (.text:__args_main)
                  00002080    00000020     Vectors_intr.obj (.text)
                  000020a0    00000020     rts6700.lib : exit.obj (.text:_abort)
                  000020c0    00000020     csl6713.lib : csl_irq.obj (.text)
                  000020e0    00000020     main.obj (.text)

.far       0    00002100    000004ee     UNINITIALIZED
                  00002100    0000030c     main.obj (.far)
                  0000240c    000000f4     csl6713.lib : csl_irq.obj (.far)
                  00002500    00000058     c6713dskinit.obj (.far)
                  00002558    00000038     csl6713.lib : csl_mcbsp.obj (.far)
                  00002590    00000028     dsk6713bsl.lib : dsk6713_aic23_registers.obj (.far)
                  000025b8    00000020                    : dsk6713_aic23_setfreq.obj (.far)
                  000025d8    0000000c     rts6700.lib : exit.obj (.far)
                  000025e4    00000008     dsk6713bsl.lib : dsk6713_aic23_opencodec.obj (.far)
                  000025ec    00000002                    : dsk6713.obj (.far)

.cinit     0    000025f0    000003b4     
                  000025f0    00000142     main.obj (.cinit)
                  00002732    00000006     --HOLE-- [fill = 0]
                  00002738    0000012c     csl6713.lib : csl_irq.obj (.cinit)
                  00002864    00000004     --HOLE-- [fill = 0]
                  00002868    00000058     c6713dskinit.obj (.cinit)
                  000028c0    00000054     csl6713.lib : csl_mcbsp.obj (.cinit)
                  00002914    00000004     --HOLE-- [fill = 0]
                  00002918    00000030     dsk6713bsl.lib : dsk6713_aic23_registers.obj (.cinit)
                  00002948    0000002c     rts6700.lib : exit.obj (.cinit)
                  00002974    00000004     --HOLE-- [fill = 0]
                  00002978    00000028     dsk6713bsl.lib : dsk6713_aic23_setfreq.obj (.cinit)
                  000029a0    00000004     --HOLE-- [fill = 0]

.stack     0    000029a8    00000100     UNINITIALIZED
                  000029a8    00000008     rts6700.lib : boot.obj (.stack)
                  000029b0    000000f8     --HOLE--

.const     0    00002aa8    00000060     
                  00002aa8    00000040     dsk6713bsl.lib : dsk6713_aic23_opencodec.obj (.const)
                  00002ae8    00000020                    : dsk6713.obj (.const)


GLOBAL SYMBOLS: SORTED ALPHABETICALLY BY Name 

address    name
--------   ----
00000220   $bss
00000220   .bss
00000220   .text
000020a0   C$$EXIT
0000250c   _AIC23CfgData
00002500   _AIC_data
000025e4   _DSK6713_AIC23_codeccontrolhandle
000025e8   _DSK6713_AIC23_codecdatahandle
000017c0   _DSK6713_AIC23_config
00000c60   _DSK6713_AIC23_openCodec
0000179c   _DSK6713_AIC23_rget
00001700   _DSK6713_AIC23_rset
00001de0   _DSK6713_AIC23_setFreq
00000bf4   _DSK6713_getVersion
0000082c   _DSK6713_init
00000b48   _DSK6713_rget
00000b5c   _DSK6713_rset
000025ec   _DSK6713_version
00000b70   _DSK6713_wait
00000bc8   _DSK6713_waitusec
000013a0   _IRQ_map
00001860   _MCBSP_open
00001560   _MCBSP_reset
00001960   _MCBSP_start
00002404   _Xn
00002204   _XnBuffer
00002406   _Yn
00002304   _YnBuffer
000024f8   __IRQ_dispatchTable
00002434   __IRQ_eventTable
000020c0   __IRQ_hookFetchPacket
000024b8   __IRQ_intTable
00002588   __MCBSP_hDev0
0000258c   __MCBSP_hDev1
00002aa8   __STACK_END
00000100   __STACK_SIZE
00000001   __TI_args_main
00001f40   ___TI_cpp_init
000025e0   ___TI_enable_exit_profile_output
ffffffff   ___TI_pprof_out_hndl
ffffffff   ___TI_prof_data_size
ffffffff   ___TI_prof_data_start
ffffffff   ___binit__
00000220   ___bss__
ffffffff   ___c_args__
000025f0   ___cinit__
00000220   ___end__
00002100   ___etext__
ffffffff   ___pinit__
00000220   ___text__
00002040   __args_main
00001a60   __auto_init
000025d8   __cleanup_ptr
000025dc   __dtors_ptr
000029a8   __stack
00001b60   __strasg
000020a0   _abort
00000220   _c6713_dsk_init
00001fc0   _c_int00
000011c0   _c_int11
0000038c   _comm_intr
00000358   _comm_poll
0000252c   _config
00001d20   _copy_in
00001c40   _exit
00002200   _fs
00002100   _h
00002554   _hAIC23_handle
00002408   _i
000006d8   _input_left_sample
00000758   _input_right_sample
0000063c   _input_sample
0000240a   _j
000020e0   _main
00000f80   _memcpy
00000530   _output_left_sample
000005b8   _output_right_sample
0000049c   _output_sample
00000020   _vector1
00000140   _vector10
00000180   _vector12
000001a0   _vector13
000001c0   _vector14
000001e0   _vector15
00000040   _vector2
00000060   _vector3
00000080   _vector4
000000a0   _vector5
000000c0   _vector6
000000e0   _vector7
00000100   _vector8
00000120   _vector9
00000000   _vectors
ffffffff   binit
000025f0   cinit
00000220   end
00002100   etext
ffffffff   pinit


GLOBAL SYMBOLS: SORTED BY Symbol Address 

address    name
--------   ----
00000000   _vectors
00000001   __TI_args_main
00000020   _vector1
00000040   _vector2
00000060   _vector3
00000080   _vector4
000000a0   _vector5
000000c0   _vector6
000000e0   _vector7
00000100   __STACK_SIZE
00000100   _vector8
00000120   _vector9
00000140   _vector10
00000180   _vector12
000001a0   _vector13
000001c0   _vector14
000001e0   _vector15
00000220   $bss
00000220   .bss
00000220   .text
00000220   ___bss__
00000220   ___end__
00000220   ___text__
00000220   _c6713_dsk_init
00000220   end
00000358   _comm_poll
0000038c   _comm_intr
0000049c   _output_sample
00000530   _output_left_sample
000005b8   _output_right_sample
0000063c   _input_sample
000006d8   _input_left_sample
00000758   _input_right_sample
0000082c   _DSK6713_init
00000b48   _DSK6713_rget
00000b5c   _DSK6713_rset
00000b70   _DSK6713_wait
00000bc8   _DSK6713_waitusec
00000bf4   _DSK6713_getVersion
00000c60   _DSK6713_AIC23_openCodec
00000f80   _memcpy
000011c0   _c_int11
000013a0   _IRQ_map
00001560   _MCBSP_reset
00001700   _DSK6713_AIC23_rset
0000179c   _DSK6713_AIC23_rget
000017c0   _DSK6713_AIC23_config
00001860   _MCBSP_open
00001960   _MCBSP_start
00001a60   __auto_init
00001b60   __strasg
00001c40   _exit
00001d20   _copy_in
00001de0   _DSK6713_AIC23_setFreq
00001f40   ___TI_cpp_init
00001fc0   _c_int00
00002040   __args_main
000020a0   C$$EXIT
000020a0   _abort
000020c0   __IRQ_hookFetchPacket
000020e0   _main
00002100   ___etext__
00002100   _h
00002100   etext
00002200   _fs
00002204   _XnBuffer
00002304   _YnBuffer
00002404   _Xn
00002406   _Yn
00002408   _i
0000240a   _j
00002434   __IRQ_eventTable
000024b8   __IRQ_intTable
000024f8   __IRQ_dispatchTable
00002500   _AIC_data
0000250c   _AIC23CfgData
0000252c   _config
00002554   _hAIC23_handle
00002588   __MCBSP_hDev0
0000258c   __MCBSP_hDev1
000025d8   __cleanup_ptr
000025dc   __dtors_ptr
000025e0   ___TI_enable_exit_profile_output
000025e4   _DSK6713_AIC23_codeccontrolhandle
000025e8   _DSK6713_AIC23_codecdatahandle
000025ec   _DSK6713_version
000025f0   ___cinit__
000025f0   cinit
000029a8   __stack
00002aa8   __STACK_END
ffffffff   ___TI_pprof_out_hndl
ffffffff   ___TI_prof_data_size
ffffffff   ___TI_prof_data_start
ffffffff   ___binit__
ffffffff   ___c_args__
ffffffff   ___pinit__
ffffffff   binit
ffffffff   pinit

[98 symbols]
