<?xml version="1.0"?>
<link_info>
   <banner>TMS320C6x Linker PC v7.4.18</banner>
   <copyright>Copyright (c) 1996-2015 Texas Instruments Incorporated</copyright>
   <link_time>0x5dc3ef5c</link_time>
   <output_file>TP_Final.out</output_file>
   <entry_point>
      <name>_c_int00</name>
      <address>0x21c0</address>
   </entry_point>
   <input_file_list>
      <input_file id="fl-2">
         <path>.\</path>
         <kind>object</kind>
         <file>Vectors_intr.obj</file>
         <name>Vectors_intr.obj</name>
      </input_file>
      <input_file id="fl-3">
         <path>.\</path>
         <kind>object</kind>
         <file>c6713dskinit.obj</file>
         <name>c6713dskinit.obj</name>
      </input_file>
      <input_file id="fl-4">
         <path>.\</path>
         <kind>object</kind>
         <file>main.obj</file>
         <name>main.obj</name>
      </input_file>
      <input_file id="fl-82">
         <path>C:\ti\ccsv6\tools\compiler\c6000_7.4.18\lib\</path>
         <kind>archive</kind>
         <file>rts6700.lib</file>
         <name>boot.obj</name>
      </input_file>
      <input_file id="fl-83">
         <path>C:\ti\ccsv6\tools\compiler\c6000_7.4.18\lib\</path>
         <kind>archive</kind>
         <file>rts6700.lib</file>
         <name>divi.obj</name>
      </input_file>
      <input_file id="fl-84">
         <path>C:\ti\ccsv6\tools\compiler\c6000_7.4.18\lib\</path>
         <kind>archive</kind>
         <file>rts6700.lib</file>
         <name>exit.obj</name>
      </input_file>
      <input_file id="fl-85">
         <path>C:\ti\ccsv6\tools\compiler\c6000_7.4.18\lib\</path>
         <kind>archive</kind>
         <file>rts6700.lib</file>
         <name>remi.obj</name>
      </input_file>
      <input_file id="fl-86">
         <path>C:\ti\ccsv6\tools\compiler\c6000_7.4.18\lib\</path>
         <kind>archive</kind>
         <file>rts6700.lib</file>
         <name>args_main.obj</name>
      </input_file>
      <input_file id="fl-87">
         <path>C:\ti\ccsv6\tools\compiler\c6000_7.4.18\lib\</path>
         <kind>archive</kind>
         <file>rts6700.lib</file>
         <name>autoinit.obj</name>
      </input_file>
      <input_file id="fl-88">
         <path>C:\ti\ccsv6\tools\compiler\c6000_7.4.18\lib\</path>
         <kind>archive</kind>
         <file>rts6700.lib</file>
         <name>cpp_init.obj</name>
      </input_file>
      <input_file id="fl-89">
         <path>C:\ti\ccsv6\tools\compiler\c6000_7.4.18\lib\</path>
         <kind>archive</kind>
         <file>rts6700.lib</file>
         <name>cpy_tbl.obj</name>
      </input_file>
      <input_file id="fl-8a">
         <path>C:\ti\ccsv6\tools\compiler\c6000_7.4.18\lib\</path>
         <kind>archive</kind>
         <file>rts6700.lib</file>
         <name>memcpy62.obj</name>
      </input_file>
      <input_file id="fl-8b">
         <path>C:\ti\CCCStudio_v3.1\C6000\csl\lib\</path>
         <kind>archive</kind>
         <file>csl6713.lib</file>
         <name>csl_irq.obj</name>
      </input_file>
      <input_file id="fl-8c">
         <path>C:\ti\CCCStudio_v3.1\C6000\csl\lib\</path>
         <kind>archive</kind>
         <file>csl6713.lib</file>
         <name>csl_mcbsp.obj</name>
      </input_file>
      <input_file id="fl-8d">
         <path>C:\ti\CCCStudio_v3.1\C6000\dsk6713\lib\</path>
         <kind>archive</kind>
         <file>dsk6713bsl.lib</file>
         <name>dsk6713.obj</name>
      </input_file>
      <input_file id="fl-8e">
         <path>C:\ti\CCCStudio_v3.1\C6000\dsk6713\lib\</path>
         <kind>archive</kind>
         <file>dsk6713bsl.lib</file>
         <name>dsk6713_aic23_opencodec.obj</name>
      </input_file>
      <input_file id="fl-8f">
         <path>C:\ti\CCCStudio_v3.1\C6000\dsk6713\lib\</path>
         <kind>archive</kind>
         <file>dsk6713bsl.lib</file>
         <name>dsk6713_aic23_registers.obj</name>
      </input_file>
      <input_file id="fl-90">
         <path>C:\ti\CCCStudio_v3.1\C6000\dsk6713\lib\</path>
         <kind>archive</kind>
         <file>dsk6713bsl.lib</file>
         <name>dsk6713_aic23_setfreq.obj</name>
      </input_file>
      <input_file id="fl-91">
         <path>C:\ti\ccsv6\tools\compiler\c6000_7.4.18\lib\</path>
         <kind>archive</kind>
         <file>rts6700.lib</file>
         <name>strasg.obj</name>
      </input_file>
   </input_file_list>
   <object_component_list>
      <object_component id="oc-11">
         <name>.vecs</name>
         <load_address>0x0</load_address>
         <run_address>0x0</run_address>
         <size>0x200</size>
         <input_file_ref idref="fl-2"/>
      </object_component>
      <object_component id="oc-69">
         <name>.text</name>
         <load_address>0x220</load_address>
         <run_address>0x220</run_address>
         <size>0x5c0</size>
         <input_file_ref idref="fl-3"/>
      </object_component>
      <object_component id="oc-4b">
         <name>.text</name>
         <load_address>0x7e0</load_address>
         <run_address>0x7e0</run_address>
         <size>0x480</size>
         <input_file_ref idref="fl-8d"/>
      </object_component>
      <object_component id="oc-51">
         <name>.text</name>
         <load_address>0xc60</load_address>
         <run_address>0xc60</run_address>
         <size>0x320</size>
         <input_file_ref idref="fl-8e"/>
      </object_component>
      <object_component id="oc-70">
         <name>.text:_memcpy</name>
         <load_address>0xf80</load_address>
         <run_address>0xf80</run_address>
         <size>0x240</size>
         <input_file_ref idref="fl-8a"/>
      </object_component>
      <object_component id="oc-74">
         <name>.text:_IRQ_map</name>
         <load_address>0x11c0</load_address>
         <run_address>0x11c0</run_address>
         <size>0x1c0</size>
         <input_file_ref idref="fl-8b"/>
      </object_component>
      <object_component id="oc-1e">
         <name>.text:retain</name>
         <load_address>0x1380</load_address>
         <run_address>0x1380</run_address>
         <size>0x1c0</size>
         <input_file_ref idref="fl-4"/>
      </object_component>
      <object_component id="oc-75">
         <name>.text:_MCBSP_reset</name>
         <load_address>0x1540</load_address>
         <run_address>0x1540</run_address>
         <size>0x1a0</size>
         <input_file_ref idref="fl-8c"/>
      </object_component>
      <object_component id="oc-57">
         <name>.text</name>
         <load_address>0x16e0</load_address>
         <run_address>0x16e0</run_address>
         <size>0x160</size>
         <input_file_ref idref="fl-8f"/>
      </object_component>
      <object_component id="oc-6b">
         <name>.text:__divi</name>
         <load_address>0x1840</load_address>
         <run_address>0x1840</run_address>
         <size>0x120</size>
         <input_file_ref idref="fl-83"/>
      </object_component>
      <object_component id="oc-6d">
         <name>.text:_MCBSP_open</name>
         <load_address>0x1960</load_address>
         <run_address>0x1960</run_address>
         <size>0x100</size>
         <input_file_ref idref="fl-8c"/>
      </object_component>
      <object_component id="oc-6e">
         <name>.text:_MCBSP_start</name>
         <load_address>0x1a60</load_address>
         <run_address>0x1a60</run_address>
         <size>0x100</size>
         <input_file_ref idref="fl-8c"/>
      </object_component>
      <object_component id="oc-66">
         <name>.text:__auto_init</name>
         <load_address>0x1b60</load_address>
         <run_address>0x1b60</run_address>
         <size>0x100</size>
         <input_file_ref idref="fl-87"/>
      </object_component>
      <object_component id="oc-6a">
         <name>.text:__remi</name>
         <load_address>0x1c60</load_address>
         <run_address>0x1c60</run_address>
         <size>0x100</size>
         <input_file_ref idref="fl-85"/>
      </object_component>
      <object_component id="oc-6c">
         <name>.text:__strasg</name>
         <load_address>0x1d60</load_address>
         <run_address>0x1d60</run_address>
         <size>0xe0</size>
         <input_file_ref idref="fl-91"/>
      </object_component>
      <object_component id="oc-68">
         <name>.text:_exit</name>
         <load_address>0x1e40</load_address>
         <run_address>0x1e40</run_address>
         <size>0xe0</size>
         <input_file_ref idref="fl-84"/>
      </object_component>
      <object_component id="oc-6f">
         <name>.text:_copy_in</name>
         <load_address>0x1f20</load_address>
         <run_address>0x1f20</run_address>
         <size>0xc0</size>
         <input_file_ref idref="fl-89"/>
      </object_component>
      <object_component id="oc-5d">
         <name>.text</name>
         <load_address>0x1fe0</load_address>
         <run_address>0x1fe0</run_address>
         <size>0xc0</size>
         <input_file_ref idref="fl-90"/>
      </object_component>
      <object_component id="oc-76">
         <name>.text:_setMux</name>
         <load_address>0x20a0</load_address>
         <run_address>0x20a0</run_address>
         <size>0xa0</size>
         <input_file_ref idref="fl-8b"/>
      </object_component>
      <object_component id="oc-71">
         <name>.text:___TI_cpp_init</name>
         <load_address>0x2140</load_address>
         <run_address>0x2140</run_address>
         <size>0x80</size>
         <input_file_ref idref="fl-88"/>
      </object_component>
      <object_component id="oc-f">
         <name>.text:_c_int00</name>
         <load_address>0x21c0</load_address>
         <run_address>0x21c0</run_address>
         <size>0x80</size>
         <input_file_ref idref="fl-82"/>
      </object_component>
      <object_component id="oc-67">
         <name>.text:__args_main</name>
         <load_address>0x2240</load_address>
         <run_address>0x2240</run_address>
         <size>0x40</size>
         <input_file_ref idref="fl-86"/>
      </object_component>
      <object_component id="oc-10">
         <name>.text</name>
         <load_address>0x2280</load_address>
         <run_address>0x2280</run_address>
         <size>0x20</size>
         <input_file_ref idref="fl-2"/>
      </object_component>
      <object_component id="oc-73">
         <name>.text:_abort</name>
         <load_address>0x22a0</load_address>
         <run_address>0x22a0</run_address>
         <size>0x20</size>
         <input_file_ref idref="fl-84"/>
      </object_component>
      <object_component id="oc-40">
         <name>.text</name>
         <load_address>0x22c0</load_address>
         <run_address>0x22c0</run_address>
         <size>0x20</size>
         <input_file_ref idref="fl-8b"/>
      </object_component>
      <object_component id="oc-72">
         <name>.text</name>
         <load_address>0x22e0</load_address>
         <run_address>0x22e0</run_address>
         <size>0x20</size>
         <input_file_ref idref="fl-4"/>
      </object_component>
      <object_component id="oc-1c">
         <name>.cinit</name>
         <load_address>0x2af8</load_address>
         <run_address>0x2af8</run_address>
         <size>0x1e4</size>
         <input_file_ref idref="fl-4"/>
      </object_component>
      <object_component id="oc-41">
         <name>.cinit</name>
         <load_address>0x2ce0</load_address>
         <run_address>0x2ce0</run_address>
         <size>0x12c</size>
         <input_file_ref idref="fl-8b"/>
      </object_component>
      <object_component id="oc-16">
         <name>.cinit</name>
         <load_address>0x2e10</load_address>
         <run_address>0x2e10</run_address>
         <size>0x58</size>
         <input_file_ref idref="fl-3"/>
      </object_component>
      <object_component id="oc-46">
         <name>.cinit</name>
         <load_address>0x2e68</load_address>
         <run_address>0x2e68</run_address>
         <size>0x54</size>
         <input_file_ref idref="fl-8c"/>
      </object_component>
      <object_component id="oc-58">
         <name>.cinit</name>
         <load_address>0x2ec0</load_address>
         <run_address>0x2ec0</run_address>
         <size>0x30</size>
         <input_file_ref idref="fl-8f"/>
      </object_component>
      <object_component id="oc-2a">
         <name>.cinit</name>
         <load_address>0x2ef0</load_address>
         <run_address>0x2ef0</run_address>
         <size>0x2c</size>
         <input_file_ref idref="fl-84"/>
      </object_component>
      <object_component id="oc-5e">
         <name>.cinit</name>
         <load_address>0x2f20</load_address>
         <run_address>0x2f20</run_address>
         <size>0x28</size>
         <input_file_ref idref="fl-90"/>
      </object_component>
      <object_component id="oc-23">
         <name>.stack</name>
         <uninitialized>true</uninitialized>
         <run_address>0x2f50</run_address>
         <size>0x8</size>
         <input_file_ref idref="fl-82"/>
      </object_component>
      <object_component id="oc-8d">
         <name>.stack</name>
         <uninitialized>true</uninitialized>
         <run_address>0x2f50</run_address>
         <size>0x0</size>
      </object_component>
      <object_component id="oc-53">
         <name>.const</name>
         <load_address>0x3050</load_address>
         <run_address>0x3050</run_address>
         <size>0x40</size>
         <input_file_ref idref="fl-8e"/>
      </object_component>
      <object_component id="oc-4d">
         <name>.const</name>
         <load_address>0x3090</load_address>
         <run_address>0x3090</run_address>
         <size>0x20</size>
         <input_file_ref idref="fl-8d"/>
      </object_component>
      <object_component id="oc-17">
         <name>.far</name>
         <uninitialized>true</uninitialized>
         <run_address>0x2a0c</run_address>
         <size>0x58</size>
         <input_file_ref idref="fl-3"/>
      </object_component>
      <object_component id="oc-1d">
         <name>.far</name>
         <uninitialized>true</uninitialized>
         <run_address>0x2300</run_address>
         <size>0x616</size>
         <input_file_ref idref="fl-4"/>
      </object_component>
      <object_component id="oc-2b">
         <name>.far</name>
         <uninitialized>true</uninitialized>
         <run_address>0x2ae4</run_address>
         <size>0xc</size>
         <input_file_ref idref="fl-84"/>
      </object_component>
      <object_component id="oc-42">
         <name>.far</name>
         <uninitialized>true</uninitialized>
         <run_address>0x2918</run_address>
         <size>0xf4</size>
         <input_file_ref idref="fl-8b"/>
      </object_component>
      <object_component id="oc-47">
         <name>.far</name>
         <uninitialized>true</uninitialized>
         <run_address>0x2a64</run_address>
         <size>0x38</size>
         <input_file_ref idref="fl-8c"/>
      </object_component>
      <object_component id="oc-4c">
         <name>.far</name>
         <uninitialized>true</uninitialized>
         <run_address>0x2916</run_address>
         <size>0x2</size>
         <input_file_ref idref="fl-8d"/>
      </object_component>
      <object_component id="oc-52">
         <name>.far</name>
         <uninitialized>true</uninitialized>
         <run_address>0x2af0</run_address>
         <size>0x8</size>
         <input_file_ref idref="fl-8e"/>
      </object_component>
      <object_component id="oc-59">
         <name>.far</name>
         <uninitialized>true</uninitialized>
         <run_address>0x2a9c</run_address>
         <size>0x28</size>
         <input_file_ref idref="fl-8f"/>
      </object_component>
      <object_component id="oc-5f">
         <name>.far</name>
         <uninitialized>true</uninitialized>
         <run_address>0x2ac4</run_address>
         <size>0x20</size>
         <input_file_ref idref="fl-90"/>
      </object_component>
      <object_component id="oc-12">
         <name>.debug_info</name>
         <load_address>0x0</load_address>
         <run_address>0x0</run_address>
         <size>0xfc</size>
         <input_file_ref idref="fl-2"/>
      </object_component>
      <object_component id="oc-15">
         <name>.debug_info</name>
         <load_address>0xfc</load_address>
         <run_address>0xfc</run_address>
         <size>0x12bf</size>
         <input_file_ref idref="fl-3"/>
      </object_component>
      <object_component id="oc-1b">
         <name>.debug_info</name>
         <load_address>0x13bb</load_address>
         <run_address>0x13bb</run_address>
         <size>0x8c4</size>
         <input_file_ref idref="fl-4"/>
      </object_component>
      <object_component id="oc-22">
         <name>.debug_info</name>
         <load_address>0x1c7f</load_address>
         <run_address>0x1c7f</run_address>
         <size>0x70b</size>
         <input_file_ref idref="fl-82"/>
      </object_component>
      <object_component id="oc-26">
         <name>.debug_info</name>
         <load_address>0x238a</load_address>
         <run_address>0x238a</run_address>
         <size>0xd0</size>
         <input_file_ref idref="fl-83"/>
      </object_component>
      <object_component id="oc-29">
         <name>.debug_info</name>
         <load_address>0x245a</load_address>
         <run_address>0x245a</run_address>
         <size>0x7fb</size>
         <input_file_ref idref="fl-84"/>
      </object_component>
      <object_component id="oc-2e">
         <name>.debug_info</name>
         <load_address>0x2c55</load_address>
         <run_address>0x2c55</run_address>
         <size>0xd0</size>
         <input_file_ref idref="fl-85"/>
      </object_component>
      <object_component id="oc-31">
         <name>.debug_info</name>
         <load_address>0x2d25</load_address>
         <run_address>0x2d25</run_address>
         <size>0x6e1</size>
         <input_file_ref idref="fl-86"/>
      </object_component>
      <object_component id="oc-34">
         <name>.debug_info</name>
         <load_address>0x3406</load_address>
         <run_address>0x3406</run_address>
         <size>0x86d</size>
         <input_file_ref idref="fl-87"/>
      </object_component>
      <object_component id="oc-37">
         <name>.debug_info</name>
         <load_address>0x3c73</load_address>
         <run_address>0x3c73</run_address>
         <size>0x6e5</size>
         <input_file_ref idref="fl-88"/>
      </object_component>
      <object_component id="oc-3a">
         <name>.debug_info</name>
         <load_address>0x4358</load_address>
         <run_address>0x4358</run_address>
         <size>0x7db</size>
         <input_file_ref idref="fl-89"/>
      </object_component>
      <object_component id="oc-3d">
         <name>.debug_info</name>
         <load_address>0x4b33</load_address>
         <run_address>0x4b33</run_address>
         <size>0x78a</size>
         <input_file_ref idref="fl-8a"/>
      </object_component>
      <object_component id="oc-44">
         <name>.debug_info</name>
         <load_address>0x52bd</load_address>
         <run_address>0x52bd</run_address>
         <size>0x9df</size>
         <input_file_ref idref="fl-8b"/>
      </object_component>
      <object_component id="oc-49">
         <name>.debug_info</name>
         <load_address>0x5c9c</load_address>
         <run_address>0x5c9c</run_address>
         <size>0xac3</size>
         <input_file_ref idref="fl-8c"/>
      </object_component>
      <object_component id="oc-4f">
         <name>.debug_info</name>
         <load_address>0x675f</load_address>
         <run_address>0x675f</run_address>
         <size>0xa4e</size>
         <input_file_ref idref="fl-8d"/>
      </object_component>
      <object_component id="oc-55">
         <name>.debug_info</name>
         <load_address>0x71ad</load_address>
         <run_address>0x71ad</run_address>
         <size>0xa20</size>
         <input_file_ref idref="fl-8e"/>
      </object_component>
      <object_component id="oc-5b">
         <name>.debug_info</name>
         <load_address>0x7bcd</load_address>
         <run_address>0x7bcd</run_address>
         <size>0xaa0</size>
         <input_file_ref idref="fl-8f"/>
      </object_component>
      <object_component id="oc-61">
         <name>.debug_info</name>
         <load_address>0x866d</load_address>
         <run_address>0x866d</run_address>
         <size>0x723</size>
         <input_file_ref idref="fl-90"/>
      </object_component>
      <object_component id="oc-63">
         <name>.debug_info</name>
         <load_address>0x8d90</load_address>
         <run_address>0x8d90</run_address>
         <size>0xd6</size>
         <input_file_ref idref="fl-91"/>
      </object_component>
      <object_component id="oc-8e">
         <name>.debug_info</name>
         <load_address>0x8e66</load_address>
         <run_address>0x8e66</run_address>
         <size>0x6e</size>
      </object_component>
      <object_component id="oc-13">
         <name>.debug_line</name>
         <load_address>0x0</load_address>
         <run_address>0x0</run_address>
         <size>0xcd</size>
         <input_file_ref idref="fl-2"/>
      </object_component>
      <object_component id="oc-19">
         <name>.debug_line</name>
         <load_address>0xcd</load_address>
         <run_address>0xcd</run_address>
         <size>0x2a3</size>
         <input_file_ref idref="fl-3"/>
      </object_component>
      <object_component id="oc-20">
         <name>.debug_line</name>
         <load_address>0x370</load_address>
         <run_address>0x370</run_address>
         <size>0x62</size>
         <input_file_ref idref="fl-4"/>
      </object_component>
      <object_component id="oc-24">
         <name>.debug_line</name>
         <load_address>0x3d2</load_address>
         <run_address>0x3d2</run_address>
         <size>0x3d</size>
         <input_file_ref idref="fl-82"/>
      </object_component>
      <object_component id="oc-27">
         <name>.debug_line</name>
         <load_address>0x40f</load_address>
         <run_address>0x40f</run_address>
         <size>0x45</size>
         <input_file_ref idref="fl-83"/>
      </object_component>
      <object_component id="oc-2c">
         <name>.debug_line</name>
         <load_address>0x454</load_address>
         <run_address>0x454</run_address>
         <size>0x4f</size>
         <input_file_ref idref="fl-84"/>
      </object_component>
      <object_component id="oc-2f">
         <name>.debug_line</name>
         <load_address>0x4a3</load_address>
         <run_address>0x4a3</run_address>
         <size>0x43</size>
         <input_file_ref idref="fl-85"/>
      </object_component>
      <object_component id="oc-32">
         <name>.debug_line</name>
         <load_address>0x4e6</load_address>
         <run_address>0x4e6</run_address>
         <size>0x41</size>
         <input_file_ref idref="fl-86"/>
      </object_component>
      <object_component id="oc-35">
         <name>.debug_line</name>
         <load_address>0x527</load_address>
         <run_address>0x527</run_address>
         <size>0x47</size>
         <input_file_ref idref="fl-87"/>
      </object_component>
      <object_component id="oc-38">
         <name>.debug_line</name>
         <load_address>0x56e</load_address>
         <run_address>0x56e</run_address>
         <size>0x45</size>
         <input_file_ref idref="fl-88"/>
      </object_component>
      <object_component id="oc-3b">
         <name>.debug_line</name>
         <load_address>0x5b3</load_address>
         <run_address>0x5b3</run_address>
         <size>0x44</size>
         <input_file_ref idref="fl-89"/>
      </object_component>
      <object_component id="oc-3e">
         <name>.debug_line</name>
         <load_address>0x5f7</load_address>
         <run_address>0x5f7</run_address>
         <size>0x4e</size>
         <input_file_ref idref="fl-8a"/>
      </object_component>
      <object_component id="oc-45">
         <name>.debug_line</name>
         <load_address>0x645</load_address>
         <run_address>0x645</run_address>
         <size>0xa0</size>
         <input_file_ref idref="fl-8b"/>
      </object_component>
      <object_component id="oc-4a">
         <name>.debug_line</name>
         <load_address>0x6e5</load_address>
         <run_address>0x6e5</run_address>
         <size>0xbf</size>
         <input_file_ref idref="fl-8c"/>
      </object_component>
      <object_component id="oc-50">
         <name>.debug_line</name>
         <load_address>0x7a4</load_address>
         <run_address>0x7a4</run_address>
         <size>0xb2</size>
         <input_file_ref idref="fl-8d"/>
      </object_component>
      <object_component id="oc-56">
         <name>.debug_line</name>
         <load_address>0x856</load_address>
         <run_address>0x856</run_address>
         <size>0x4f</size>
         <input_file_ref idref="fl-8e"/>
      </object_component>
      <object_component id="oc-5c">
         <name>.debug_line</name>
         <load_address>0x8a5</load_address>
         <run_address>0x8a5</run_address>
         <size>0x7e</size>
         <input_file_ref idref="fl-8f"/>
      </object_component>
      <object_component id="oc-62">
         <name>.debug_line</name>
         <load_address>0x923</load_address>
         <run_address>0x923</run_address>
         <size>0x50</size>
         <input_file_ref idref="fl-90"/>
      </object_component>
      <object_component id="oc-64">
         <name>.debug_line</name>
         <load_address>0x973</load_address>
         <run_address>0x973</run_address>
         <size>0x48</size>
         <input_file_ref idref="fl-91"/>
      </object_component>
      <object_component id="oc-14">
         <name>.debug_abbrev</name>
         <load_address>0x0</load_address>
         <run_address>0x0</run_address>
         <size>0x21</size>
         <input_file_ref idref="fl-2"/>
      </object_component>
      <object_component id="oc-1a">
         <name>.debug_abbrev</name>
         <load_address>0x21</load_address>
         <run_address>0x21</run_address>
         <size>0x185</size>
         <input_file_ref idref="fl-3"/>
      </object_component>
      <object_component id="oc-21">
         <name>.debug_abbrev</name>
         <load_address>0x1a6</load_address>
         <run_address>0x1a6</run_address>
         <size>0x11e</size>
         <input_file_ref idref="fl-4"/>
      </object_component>
      <object_component id="oc-25">
         <name>.debug_abbrev</name>
         <load_address>0x2c4</load_address>
         <run_address>0x2c4</run_address>
         <size>0xfe</size>
         <input_file_ref idref="fl-82"/>
      </object_component>
      <object_component id="oc-28">
         <name>.debug_abbrev</name>
         <load_address>0x3c2</load_address>
         <run_address>0x3c2</run_address>
         <size>0x3b</size>
         <input_file_ref idref="fl-83"/>
      </object_component>
      <object_component id="oc-2d">
         <name>.debug_abbrev</name>
         <load_address>0x3fd</load_address>
         <run_address>0x3fd</run_address>
         <size>0x119</size>
         <input_file_ref idref="fl-84"/>
      </object_component>
      <object_component id="oc-30">
         <name>.debug_abbrev</name>
         <load_address>0x516</load_address>
         <run_address>0x516</run_address>
         <size>0x3b</size>
         <input_file_ref idref="fl-85"/>
      </object_component>
      <object_component id="oc-33">
         <name>.debug_abbrev</name>
         <load_address>0x551</load_address>
         <run_address>0x551</run_address>
         <size>0xe1</size>
         <input_file_ref idref="fl-86"/>
      </object_component>
      <object_component id="oc-36">
         <name>.debug_abbrev</name>
         <load_address>0x632</load_address>
         <run_address>0x632</run_address>
         <size>0x13f</size>
         <input_file_ref idref="fl-87"/>
      </object_component>
      <object_component id="oc-39">
         <name>.debug_abbrev</name>
         <load_address>0x771</load_address>
         <run_address>0x771</run_address>
         <size>0xdd</size>
         <input_file_ref idref="fl-88"/>
      </object_component>
      <object_component id="oc-3c">
         <name>.debug_abbrev</name>
         <load_address>0x84e</load_address>
         <run_address>0x84e</run_address>
         <size>0x10c</size>
         <input_file_ref idref="fl-89"/>
      </object_component>
      <object_component id="oc-3f">
         <name>.debug_abbrev</name>
         <load_address>0x95a</load_address>
         <run_address>0x95a</run_address>
         <size>0xd5</size>
         <input_file_ref idref="fl-8a"/>
      </object_component>
      <object_component id="oc-43">
         <name>.debug_abbrev</name>
         <load_address>0xa2f</load_address>
         <run_address>0xa2f</run_address>
         <size>0x1b7</size>
         <input_file_ref idref="fl-8b"/>
      </object_component>
      <object_component id="oc-48">
         <name>.debug_abbrev</name>
         <load_address>0xbe6</load_address>
         <run_address>0xbe6</run_address>
         <size>0x1a3</size>
         <input_file_ref idref="fl-8c"/>
      </object_component>
      <object_component id="oc-4e">
         <name>.debug_abbrev</name>
         <load_address>0xd89</load_address>
         <run_address>0xd89</run_address>
         <size>0x19a</size>
         <input_file_ref idref="fl-8d"/>
      </object_component>
      <object_component id="oc-54">
         <name>.debug_abbrev</name>
         <load_address>0xf23</load_address>
         <run_address>0xf23</run_address>
         <size>0x12a</size>
         <input_file_ref idref="fl-8e"/>
      </object_component>
      <object_component id="oc-5a">
         <name>.debug_abbrev</name>
         <load_address>0x104d</load_address>
         <run_address>0x104d</run_address>
         <size>0x152</size>
         <input_file_ref idref="fl-8f"/>
      </object_component>
      <object_component id="oc-60">
         <name>.debug_abbrev</name>
         <load_address>0x119f</load_address>
         <run_address>0x119f</run_address>
         <size>0xf5</size>
         <input_file_ref idref="fl-90"/>
      </object_component>
      <object_component id="oc-65">
         <name>.debug_abbrev</name>
         <load_address>0x1294</load_address>
         <run_address>0x1294</run_address>
         <size>0x3b</size>
         <input_file_ref idref="fl-91"/>
      </object_component>
      <object_component id="oc-8f">
         <name>.debug_abbrev</name>
         <load_address>0x12cf</load_address>
         <run_address>0x12cf</run_address>
         <size>0xd</size>
      </object_component>
      <object_component id="oc-18">
         <name>.debug_frame</name>
         <load_address>0x0</load_address>
         <run_address>0x0</run_address>
         <size>0x323</size>
         <input_file_ref idref="fl-3"/>
      </object_component>
      <object_component id="oc-1f">
         <name>.debug_frame</name>
         <load_address>0x323</load_address>
         <run_address>0x323</run_address>
         <size>0x2d7</size>
         <input_file_ref idref="fl-4"/>
      </object_component>
   </object_component_list>
   <logical_group_list>
      <logical_group id="lg-2">
         <name>.EXT_RAM</name>
         <run_address>0x0</run_address>
         <size>0x0</size>
         <contents>
         </contents>
      </logical_group>
      <logical_group id="lg-3">
         <name>.vecs</name>
         <load_address>0x0</load_address>
         <run_address>0x0</run_address>
         <size>0x200</size>
         <contents>
            <object_component_ref idref="oc-11"/>
         </contents>
      </logical_group>
      <logical_group id="lg-4">
         <name>.text</name>
         <load_address>0x220</load_address>
         <run_address>0x220</run_address>
         <size>0x20e0</size>
         <contents>
            <object_component_ref idref="oc-69"/>
            <object_component_ref idref="oc-4b"/>
            <object_component_ref idref="oc-51"/>
            <object_component_ref idref="oc-70"/>
            <object_component_ref idref="oc-74"/>
            <object_component_ref idref="oc-1e"/>
            <object_component_ref idref="oc-75"/>
            <object_component_ref idref="oc-57"/>
            <object_component_ref idref="oc-6b"/>
            <object_component_ref idref="oc-6d"/>
            <object_component_ref idref="oc-6e"/>
            <object_component_ref idref="oc-66"/>
            <object_component_ref idref="oc-6a"/>
            <object_component_ref idref="oc-6c"/>
            <object_component_ref idref="oc-68"/>
            <object_component_ref idref="oc-6f"/>
            <object_component_ref idref="oc-5d"/>
            <object_component_ref idref="oc-76"/>
            <object_component_ref idref="oc-71"/>
            <object_component_ref idref="oc-f"/>
            <object_component_ref idref="oc-67"/>
            <object_component_ref idref="oc-10"/>
            <object_component_ref idref="oc-73"/>
            <object_component_ref idref="oc-40"/>
            <object_component_ref idref="oc-72"/>
         </contents>
      </logical_group>
      <logical_group id="lg-5">
         <name>.bss</name>
         <run_address>0x220</run_address>
         <size>0x0</size>
         <contents>
         </contents>
      </logical_group>
      <logical_group id="lg-6">
         <name>.cinit</name>
         <load_address>0x2af8</load_address>
         <run_address>0x2af8</run_address>
         <size>0x454</size>
         <contents>
            <object_component_ref idref="oc-1c"/>
            <object_component_ref idref="oc-41"/>
            <object_component_ref idref="oc-16"/>
            <object_component_ref idref="oc-46"/>
            <object_component_ref idref="oc-58"/>
            <object_component_ref idref="oc-2a"/>
            <object_component_ref idref="oc-5e"/>
         </contents>
      </logical_group>
      <logical_group id="lg-7">
         <name>.stack</name>
         <run_address>0x2f50</run_address>
         <size>0x100</size>
         <contents>
            <object_component_ref idref="oc-23"/>
            <object_component_ref idref="oc-8d"/>
         </contents>
      </logical_group>
      <logical_group id="lg-8">
         <name>.sysmem</name>
         <run_address>0x0</run_address>
         <size>0x0</size>
         <contents>
         </contents>
      </logical_group>
      <logical_group id="lg-9">
         <name>.const</name>
         <load_address>0x3050</load_address>
         <run_address>0x3050</run_address>
         <size>0x60</size>
         <contents>
            <object_component_ref idref="oc-53"/>
            <object_component_ref idref="oc-4d"/>
         </contents>
      </logical_group>
      <logical_group id="lg-a">
         <name>.switch</name>
         <run_address>0x0</run_address>
         <size>0x0</size>
         <contents>
         </contents>
      </logical_group>
      <logical_group id="lg-b">
         <name>.far</name>
         <run_address>0x2300</run_address>
         <size>0x7f8</size>
         <contents>
            <object_component_ref idref="oc-17"/>
            <object_component_ref idref="oc-1d"/>
            <object_component_ref idref="oc-2b"/>
            <object_component_ref idref="oc-42"/>
            <object_component_ref idref="oc-47"/>
            <object_component_ref idref="oc-4c"/>
            <object_component_ref idref="oc-52"/>
            <object_component_ref idref="oc-59"/>
            <object_component_ref idref="oc-5f"/>
         </contents>
      </logical_group>
      <logical_group id="lg-c">
         <name>.cio</name>
         <run_address>0x0</run_address>
         <size>0x0</size>
         <contents>
         </contents>
      </logical_group>
      <logical_group id="lg-d">
         <name>.csldata</name>
         <run_address>0x0</run_address>
         <size>0x0</size>
         <contents>
         </contents>
      </logical_group>
      <logical_group id="lg-e">
         <name>.data_c</name>
         <run_address>0x0</run_address>
         <size>0x0</size>
         <contents>
         </contents>
      </logical_group>
      <logical_group id="lg-84">
         <name>.debug_info</name>
         <load_address>0x0</load_address>
         <run_address>0x0</run_address>
         <size>0x8ed4</size>
         <contents>
            <object_component_ref idref="oc-12"/>
            <object_component_ref idref="oc-15"/>
            <object_component_ref idref="oc-1b"/>
            <object_component_ref idref="oc-22"/>
            <object_component_ref idref="oc-26"/>
            <object_component_ref idref="oc-29"/>
            <object_component_ref idref="oc-2e"/>
            <object_component_ref idref="oc-31"/>
            <object_component_ref idref="oc-34"/>
            <object_component_ref idref="oc-37"/>
            <object_component_ref idref="oc-3a"/>
            <object_component_ref idref="oc-3d"/>
            <object_component_ref idref="oc-44"/>
            <object_component_ref idref="oc-49"/>
            <object_component_ref idref="oc-4f"/>
            <object_component_ref idref="oc-55"/>
            <object_component_ref idref="oc-5b"/>
            <object_component_ref idref="oc-61"/>
            <object_component_ref idref="oc-63"/>
            <object_component_ref idref="oc-8e"/>
         </contents>
      </logical_group>
      <logical_group id="lg-86">
         <name>.debug_line</name>
         <load_address>0x0</load_address>
         <run_address>0x0</run_address>
         <size>0x9bb</size>
         <contents>
            <object_component_ref idref="oc-13"/>
            <object_component_ref idref="oc-19"/>
            <object_component_ref idref="oc-20"/>
            <object_component_ref idref="oc-24"/>
            <object_component_ref idref="oc-27"/>
            <object_component_ref idref="oc-2c"/>
            <object_component_ref idref="oc-2f"/>
            <object_component_ref idref="oc-32"/>
            <object_component_ref idref="oc-35"/>
            <object_component_ref idref="oc-38"/>
            <object_component_ref idref="oc-3b"/>
            <object_component_ref idref="oc-3e"/>
            <object_component_ref idref="oc-45"/>
            <object_component_ref idref="oc-4a"/>
            <object_component_ref idref="oc-50"/>
            <object_component_ref idref="oc-56"/>
            <object_component_ref idref="oc-5c"/>
            <object_component_ref idref="oc-62"/>
            <object_component_ref idref="oc-64"/>
         </contents>
      </logical_group>
      <logical_group id="lg-88">
         <name>.debug_abbrev</name>
         <load_address>0x0</load_address>
         <run_address>0x0</run_address>
         <size>0x12dc</size>
         <contents>
            <object_component_ref idref="oc-14"/>
            <object_component_ref idref="oc-1a"/>
            <object_component_ref idref="oc-21"/>
            <object_component_ref idref="oc-25"/>
            <object_component_ref idref="oc-28"/>
            <object_component_ref idref="oc-2d"/>
            <object_component_ref idref="oc-30"/>
            <object_component_ref idref="oc-33"/>
            <object_component_ref idref="oc-36"/>
            <object_component_ref idref="oc-39"/>
            <object_component_ref idref="oc-3c"/>
            <object_component_ref idref="oc-3f"/>
            <object_component_ref idref="oc-43"/>
            <object_component_ref idref="oc-48"/>
            <object_component_ref idref="oc-4e"/>
            <object_component_ref idref="oc-54"/>
            <object_component_ref idref="oc-5a"/>
            <object_component_ref idref="oc-60"/>
            <object_component_ref idref="oc-65"/>
            <object_component_ref idref="oc-8f"/>
         </contents>
      </logical_group>
      <logical_group id="lg-8a">
         <name>.debug_frame</name>
         <load_address>0x0</load_address>
         <run_address>0x0</run_address>
         <size>0x5fa</size>
         <contents>
            <object_component_ref idref="oc-18"/>
            <object_component_ref idref="oc-1f"/>
         </contents>
      </logical_group>
   </logical_group_list>
   <placement_map>
      <memory_area>
         <name>IVECS</name>
         <page_id>0x0</page_id>
         <origin>0x0</origin>
         <length>0x220</length>
         <used_space>0x200</used_space>
         <unused_space>0x20</unused_space>
         <attributes>RWIX</attributes>
         <usage_details>
            <allocated_space>
               <start_address>0x0</start_address>
               <size>0x200</size>
               <logical_group_ref idref="lg-3"/>
            </allocated_space>
            <available_space>
               <start_address>0x200</start_address>
               <size>0x20</size>
            </available_space>
         </usage_details>
      </memory_area>
      <memory_area>
         <name>IRAM</name>
         <page_id>0x0</page_id>
         <origin>0x220</origin>
         <length>0x2bde0</length>
         <used_space>0x2e8c</used_space>
         <unused_space>0x28f54</unused_space>
         <attributes>RWIX</attributes>
         <usage_details>
            <allocated_space>
               <start_address>0x220</start_address>
               <size>0x0</size>
               <logical_group_ref idref="lg-5"/>
            </allocated_space>
            <allocated_space>
               <start_address>0x220</start_address>
               <size>0x20e0</size>
               <logical_group_ref idref="lg-4"/>
            </allocated_space>
            <allocated_space>
               <start_address>0x2300</start_address>
               <size>0x7f8</size>
               <logical_group_ref idref="lg-b"/>
            </allocated_space>
            <allocated_space>
               <start_address>0x2af8</start_address>
               <size>0x454</size>
               <logical_group_ref idref="lg-6"/>
            </allocated_space>
            <available_space>
               <start_address>0x2f4c</start_address>
               <size>0x4</size>
            </available_space>
            <allocated_space>
               <start_address>0x2f50</start_address>
               <size>0x100</size>
               <logical_group_ref idref="lg-7"/>
            </allocated_space>
            <allocated_space>
               <start_address>0x3050</start_address>
               <size>0x60</size>
               <logical_group_ref idref="lg-9"/>
            </allocated_space>
            <available_space>
               <start_address>0x30b0</start_address>
               <size>0x28f50</size>
            </available_space>
         </usage_details>
      </memory_area>
      <memory_area>
         <name>DATA_C</name>
         <page_id>0x0</page_id>
         <origin>0x2c000</origin>
         <length>0x4000</length>
         <used_space>0x0</used_space>
         <unused_space>0x4000</unused_space>
         <attributes>RWIX</attributes>
         <usage_details>
         </usage_details>
      </memory_area>
      <memory_area>
         <name>SDRAM</name>
         <page_id>0x0</page_id>
         <origin>0x80000000</origin>
         <length>0x100000</length>
         <used_space>0x0</used_space>
         <unused_space>0x100000</unused_space>
         <attributes>RWIX</attributes>
         <usage_details>
         </usage_details>
      </memory_area>
      <memory_area>
         <name>FLASH</name>
         <page_id>0x0</page_id>
         <origin>0x90000000</origin>
         <length>0x20000</length>
         <used_space>0x0</used_space>
         <unused_space>0x20000</unused_space>
         <attributes>RWIX</attributes>
         <usage_details>
         </usage_details>
      </memory_area>
   </placement_map>
   <symbol_table>
      <symbol id="sm-0">
         <name>cinit</name>
         <value>0x2af8</value>
      </symbol>
      <symbol id="sm-1">
         <name>___cinit__</name>
         <value>0x2af8</value>
      </symbol>
      <symbol id="sm-2">
         <name>pinit</name>
         <value>0xffffffff</value>
      </symbol>
      <symbol id="sm-3">
         <name>___pinit__</name>
         <value>0xffffffff</value>
      </symbol>
      <symbol id="sm-4">
         <name>binit</name>
         <value>0xffffffff</value>
      </symbol>
      <symbol id="sm-5">
         <name>___binit__</name>
         <value>0xffffffff</value>
      </symbol>
      <symbol id="sm-6">
         <name>__STACK_SIZE</name>
         <value>0x100</value>
      </symbol>
      <symbol id="sm-7">
         <name>__STACK_END</name>
         <value>0x3050</value>
      </symbol>
      <symbol id="sm-8">
         <name>___c_args__</name>
         <value>0xffffffff</value>
      </symbol>
      <symbol id="sm-9">
         <name>.text</name>
         <value>0x220</value>
      </symbol>
      <symbol id="sm-a">
         <name>___text__</name>
         <value>0x220</value>
      </symbol>
      <symbol id="sm-b">
         <name>etext</name>
         <value>0x2300</value>
      </symbol>
      <symbol id="sm-c">
         <name>___etext__</name>
         <value>0x2300</value>
      </symbol>
      <symbol id="sm-d">
         <name>.bss</name>
         <value>0x220</value>
      </symbol>
      <symbol id="sm-e">
         <name>___bss__</name>
         <value>0x220</value>
      </symbol>
      <symbol id="sm-f">
         <name>end</name>
         <value>0x220</value>
      </symbol>
      <symbol id="sm-10">
         <name>___end__</name>
         <value>0x220</value>
      </symbol>
      <symbol id="sm-11">
         <name>___TI_pprof_out_hndl</name>
         <value>0xffffffff</value>
      </symbol>
      <symbol id="sm-12">
         <name>___TI_prof_data_start</name>
         <value>0xffffffff</value>
      </symbol>
      <symbol id="sm-13">
         <name>___TI_prof_data_size</name>
         <value>0xffffffff</value>
      </symbol>
      <symbol id="sm-14">
         <name>$bss</name>
         <value>0x220</value>
      </symbol>
      <symbol id="sm-43">
         <name>_vector10</name>
         <value>0x140</value>
         <object_component_ref idref="oc-11"/>
      </symbol>
      <symbol id="sm-44">
         <name>_vector12</name>
         <value>0x180</value>
         <object_component_ref idref="oc-11"/>
      </symbol>
      <symbol id="sm-45">
         <name>_vector13</name>
         <value>0x1a0</value>
         <object_component_ref idref="oc-11"/>
      </symbol>
      <symbol id="sm-46">
         <name>_vector14</name>
         <value>0x1c0</value>
         <object_component_ref idref="oc-11"/>
      </symbol>
      <symbol id="sm-47">
         <name>_vector15</name>
         <value>0x1e0</value>
         <object_component_ref idref="oc-11"/>
      </symbol>
      <symbol id="sm-48">
         <name>_vectors</name>
         <value>0x0</value>
         <object_component_ref idref="oc-11"/>
      </symbol>
      <symbol id="sm-49">
         <name>_vector1</name>
         <value>0x20</value>
         <object_component_ref idref="oc-11"/>
      </symbol>
      <symbol id="sm-4a">
         <name>_vector3</name>
         <value>0x60</value>
         <object_component_ref idref="oc-11"/>
      </symbol>
      <symbol id="sm-4b">
         <name>_vector2</name>
         <value>0x40</value>
         <object_component_ref idref="oc-11"/>
      </symbol>
      <symbol id="sm-4c">
         <name>_vector5</name>
         <value>0xa0</value>
         <object_component_ref idref="oc-11"/>
      </symbol>
      <symbol id="sm-4d">
         <name>_vector4</name>
         <value>0x80</value>
         <object_component_ref idref="oc-11"/>
      </symbol>
      <symbol id="sm-4e">
         <name>_vector7</name>
         <value>0xe0</value>
         <object_component_ref idref="oc-11"/>
      </symbol>
      <symbol id="sm-4f">
         <name>_vector6</name>
         <value>0xc0</value>
         <object_component_ref idref="oc-11"/>
      </symbol>
      <symbol id="sm-50">
         <name>_vector9</name>
         <value>0x120</value>
         <object_component_ref idref="oc-11"/>
      </symbol>
      <symbol id="sm-51">
         <name>_vector8</name>
         <value>0x100</value>
         <object_component_ref idref="oc-11"/>
      </symbol>
      <symbol id="sm-81">
         <name>_comm_poll</name>
         <value>0x358</value>
         <object_component_ref idref="oc-69"/>
      </symbol>
      <symbol id="sm-82">
         <name>_output_left_sample</name>
         <value>0x530</value>
         <object_component_ref idref="oc-69"/>
      </symbol>
      <symbol id="sm-83">
         <name>_comm_intr</name>
         <value>0x38c</value>
         <object_component_ref idref="oc-69"/>
      </symbol>
      <symbol id="sm-84">
         <name>_input_left_sample</name>
         <value>0x6d8</value>
         <object_component_ref idref="oc-69"/>
      </symbol>
      <symbol id="sm-85">
         <name>_output_sample</name>
         <value>0x49c</value>
         <object_component_ref idref="oc-69"/>
      </symbol>
      <symbol id="sm-86">
         <name>_c6713_dsk_init</name>
         <value>0x220</value>
         <object_component_ref idref="oc-69"/>
      </symbol>
      <symbol id="sm-87">
         <name>_config</name>
         <value>0x2a38</value>
         <object_component_ref idref="oc-17"/>
      </symbol>
      <symbol id="sm-88">
         <name>_input_right_sample</name>
         <value>0x758</value>
         <object_component_ref idref="oc-69"/>
      </symbol>
      <symbol id="sm-89">
         <name>_AIC_data</name>
         <value>0x2a0c</value>
         <object_component_ref idref="oc-17"/>
      </symbol>
      <symbol id="sm-8a">
         <name>_hAIC23_handle</name>
         <value>0x2a60</value>
         <object_component_ref idref="oc-17"/>
      </symbol>
      <symbol id="sm-8b">
         <name>_AIC23CfgData</name>
         <value>0x2a18</value>
         <object_component_ref idref="oc-17"/>
      </symbol>
      <symbol id="sm-8c">
         <name>_input_sample</name>
         <value>0x63c</value>
         <object_component_ref idref="oc-69"/>
      </symbol>
      <symbol id="sm-8d">
         <name>_output_right_sample</name>
         <value>0x5b8</value>
         <object_component_ref idref="oc-69"/>
      </symbol>
      <symbol id="sm-a5">
         <name>_main</name>
         <value>0x22e0</value>
         <object_component_ref idref="oc-72"/>
      </symbol>
      <symbol id="sm-a6">
         <name>_c_int11</name>
         <value>0x1380</value>
         <object_component_ref idref="oc-1e"/>
      </symbol>
      <symbol id="sm-a7">
         <name>_TabModulation</name>
         <value>0x2300</value>
         <object_component_ref idref="oc-1d"/>
      </symbol>
      <symbol id="sm-a8">
         <name>_SPn</name>
         <value>0x260c</value>
         <object_component_ref idref="oc-1d"/>
      </symbol>
      <symbol id="sm-a9">
         <name>_SMn</name>
         <value>0x2910</value>
         <object_component_ref idref="oc-1d"/>
      </symbol>
      <symbol id="sm-aa">
         <name>_fs</name>
         <value>0x2480</value>
         <object_component_ref idref="oc-1d"/>
      </symbol>
      <symbol id="sm-ab">
         <name>_PAS</name>
         <value>0x2486</value>
         <object_component_ref idref="oc-1d"/>
      </symbol>
      <symbol id="sm-ac">
         <name>_SignalModulation</name>
         <value>0x2610</value>
         <object_component_ref idref="oc-1d"/>
      </symbol>
      <symbol id="sm-ad">
         <name>_SignalPorteuse</name>
         <value>0x248c</value>
         <object_component_ref idref="oc-1d"/>
      </symbol>
      <symbol id="sm-ae">
         <name>_n</name>
         <value>0x2484</value>
         <object_component_ref idref="oc-1d"/>
      </symbol>
      <symbol id="sm-af">
         <name>_k</name>
         <value>0x248a</value>
         <object_component_ref idref="oc-1d"/>
      </symbol>
      <symbol id="sm-b0">
         <name>_D</name>
         <value>0x2488</value>
         <object_component_ref idref="oc-1d"/>
      </symbol>
      <symbol id="sm-b1">
         <name>_SignalDemodulation</name>
         <value>0x2790</value>
         <object_component_ref idref="oc-1d"/>
      </symbol>
      <symbol id="sm-b2">
         <name>_Xn</name>
         <value>0x2914</value>
         <object_component_ref idref="oc-1d"/>
      </symbol>
      <symbol id="sm-be">
         <name>_c_int00</name>
         <value>0x21c0</value>
         <object_component_ref idref="oc-f"/>
      </symbol>
      <symbol id="sm-bf">
         <name>__stack</name>
         <value>0x2f50</value>
         <object_component_ref idref="oc-23"/>
      </symbol>
      <symbol id="sm-c7">
         <name>__c6xabi_divi</name>
         <value>0x1840</value>
         <object_component_ref idref="oc-6b"/>
      </symbol>
      <symbol id="sm-c8">
         <name>__divi</name>
         <value>0x1840</value>
         <object_component_ref idref="oc-6b"/>
      </symbol>
      <symbol id="sm-d8">
         <name>C$$EXIT</name>
         <value>0x22a0</value>
         <object_component_ref idref="oc-73"/>
      </symbol>
      <symbol id="sm-d9">
         <name>_exit</name>
         <value>0x1e40</value>
         <object_component_ref idref="oc-68"/>
      </symbol>
      <symbol id="sm-da">
         <name>___TI_enable_exit_profile_output</name>
         <value>0x2aec</value>
         <object_component_ref idref="oc-2b"/>
      </symbol>
      <symbol id="sm-db">
         <name>_abort</name>
         <value>0x22a0</value>
         <object_component_ref idref="oc-73"/>
      </symbol>
      <symbol id="sm-dc">
         <name>__cleanup_ptr</name>
         <value>0x2ae4</value>
         <object_component_ref idref="oc-2b"/>
      </symbol>
      <symbol id="sm-dd">
         <name>__dtors_ptr</name>
         <value>0x2ae8</value>
         <object_component_ref idref="oc-2b"/>
      </symbol>
      <symbol id="sm-e5">
         <name>__remi</name>
         <value>0x1c60</value>
         <object_component_ref idref="oc-6a"/>
      </symbol>
      <symbol id="sm-e6">
         <name>__c6xabi_remi</name>
         <value>0x1c60</value>
         <object_component_ref idref="oc-6a"/>
      </symbol>
      <symbol id="sm-f0">
         <name>__args_main</name>
         <value>0x2240</value>
         <object_component_ref idref="oc-67"/>
      </symbol>
      <symbol id="sm-f1">
         <name>__TI_args_main</name>
         <value>0x1</value>
      </symbol>
      <symbol id="sm-fb">
         <name>__auto_init</name>
         <value>0x1b60</value>
         <object_component_ref idref="oc-66"/>
      </symbol>
      <symbol id="sm-105">
         <name>___TI_cpp_init</name>
         <value>0x2140</value>
         <object_component_ref idref="oc-71"/>
      </symbol>
      <symbol id="sm-10f">
         <name>_copy_in</name>
         <value>0x1f20</value>
         <object_component_ref idref="oc-6f"/>
      </symbol>
      <symbol id="sm-119">
         <name>_memcpy</name>
         <value>0xf80</value>
         <object_component_ref idref="oc-70"/>
      </symbol>
      <symbol id="sm-12b">
         <name>__IRQ_eventTable</name>
         <value>0x2940</value>
         <object_component_ref idref="oc-42"/>
      </symbol>
      <symbol id="sm-12c">
         <name>__IRQ_intTable</name>
         <value>0x29c4</value>
         <object_component_ref idref="oc-42"/>
      </symbol>
      <symbol id="sm-12d">
         <name>_IRQ_map</name>
         <value>0x11c0</value>
         <object_component_ref idref="oc-74"/>
      </symbol>
      <symbol id="sm-12e">
         <name>__IRQ_dispatchTable</name>
         <value>0x2a04</value>
         <object_component_ref idref="oc-42"/>
      </symbol>
      <symbol id="sm-12f">
         <name>__IRQ_hookFetchPacket</name>
         <value>0x22c0</value>
         <object_component_ref idref="oc-40"/>
      </symbol>
      <symbol id="sm-141">
         <name>_MCBSP_reset</name>
         <value>0x1540</value>
         <object_component_ref idref="oc-75"/>
      </symbol>
      <symbol id="sm-142">
         <name>_MCBSP_open</name>
         <value>0x1960</value>
         <object_component_ref idref="oc-6d"/>
      </symbol>
      <symbol id="sm-143">
         <name>__MCBSP_hDev0</name>
         <value>0x2a94</value>
         <object_component_ref idref="oc-47"/>
      </symbol>
      <symbol id="sm-144">
         <name>__MCBSP_hDev1</name>
         <value>0x2a98</value>
         <object_component_ref idref="oc-47"/>
      </symbol>
      <symbol id="sm-145">
         <name>_MCBSP_start</name>
         <value>0x1a60</value>
         <object_component_ref idref="oc-6e"/>
      </symbol>
      <symbol id="sm-153">
         <name>_DSK6713_init</name>
         <value>0x82c</value>
         <object_component_ref idref="oc-4b"/>
      </symbol>
      <symbol id="sm-154">
         <name>_DSK6713_version</name>
         <value>0x2916</value>
         <object_component_ref idref="oc-4c"/>
      </symbol>
      <symbol id="sm-155">
         <name>_DSK6713_rget</name>
         <value>0xb48</value>
         <object_component_ref idref="oc-4b"/>
      </symbol>
      <symbol id="sm-156">
         <name>_DSK6713_wait</name>
         <value>0xb70</value>
         <object_component_ref idref="oc-4b"/>
      </symbol>
      <symbol id="sm-157">
         <name>_DSK6713_rset</name>
         <value>0xb5c</value>
         <object_component_ref idref="oc-4b"/>
      </symbol>
      <symbol id="sm-158">
         <name>_DSK6713_waitusec</name>
         <value>0xbc8</value>
         <object_component_ref idref="oc-4b"/>
      </symbol>
      <symbol id="sm-159">
         <name>_DSK6713_getVersion</name>
         <value>0xbf4</value>
         <object_component_ref idref="oc-4b"/>
      </symbol>
      <symbol id="sm-167">
         <name>_DSK6713_AIC23_codeccontrolhandle</name>
         <value>0x2af0</value>
         <object_component_ref idref="oc-52"/>
      </symbol>
      <symbol id="sm-168">
         <name>_DSK6713_AIC23_codecdatahandle</name>
         <value>0x2af4</value>
         <object_component_ref idref="oc-52"/>
      </symbol>
      <symbol id="sm-169">
         <name>_DSK6713_AIC23_openCodec</name>
         <value>0xc60</value>
         <object_component_ref idref="oc-51"/>
      </symbol>
      <symbol id="sm-177">
         <name>_DSK6713_AIC23_config</name>
         <value>0x17a0</value>
         <object_component_ref idref="oc-57"/>
      </symbol>
      <symbol id="sm-178">
         <name>_DSK6713_AIC23_rget</name>
         <value>0x177c</value>
         <object_component_ref idref="oc-57"/>
      </symbol>
      <symbol id="sm-179">
         <name>_DSK6713_AIC23_rset</name>
         <value>0x16e0</value>
         <object_component_ref idref="oc-57"/>
      </symbol>
      <symbol id="sm-187">
         <name>_DSK6713_AIC23_setFreq</name>
         <value>0x1fe0</value>
         <object_component_ref idref="oc-5d"/>
      </symbol>
      <symbol id="sm-18f">
         <name>__strasg</name>
         <value>0x1d60</value>
         <object_component_ref idref="oc-6c"/>
      </symbol>
   </symbol_table>
</link_info>
